---
source: crates/core/tests/clients.rs
expression: read
---
ClientRead {
    servers: {
        "fetch": Server {
            enabled: true,
            tags: [],
            calls_per_minute: 0,
            transport: Stdio {
                command: "uvx",
                args: [
                    "mcp-server-fetch",
                ],
                env: {},
            },
            tools: None,
        },
        "remote": Server {
            enabled: true,
            tags: [],
            calls_per_minute: 0,
            transport: Http {
                url: "https://example.com/mcp",
                headers_command: [],
                headers: {
                    "Authorization": "Bearer ${input:api-key}",
                },
                auth: None,
            },
            tools: None,
        },
    },
    problems: [],
}
