---
source: crates/core/tests/clients.rs
expression: read
---
ClientRead {
    servers: {
        "github": Server {
            enabled: true,
            tags: [],
            calls_per_minute: 0,
            transport: Stdio {
                command: "npx",
                args: [
                    "-y",
                    "@modelcontextprotocol/server-github",
                ],
                env: {
                    "GITHUB_TOKEN": "ghp_example",
                },
            },
            tools: None,
        },
        "linear": Server {
            enabled: true,
            tags: [],
            calls_per_minute: 0,
            transport: Http {
                url: "https://mcp.linear.app/mcp",
                headers_command: [],
                headers: {
                    "Authorization": "Bearer token",
                },
                auth: None,
            },
            tools: None,
        },
        "postgres": Server {
            enabled: true,
            tags: [],
            calls_per_minute: 0,
            transport: Stdio {
                command: "postgres-context-server",
                args: [],
                env: {},
            },
            tools: None,
        },
    },
    problems: [
        Problem {
            server: Some(
                "husk",
            ),
            message: "has neither `command` nor `url`",
        },
    ],
}
