---
source: crates/core/tests/config.rs
expression: "parse_fixture(\"full.toml\").unwrap()"
---
Config {
    version: 1,
    capture: Capture {
        redact: [],
    },
    servers: {
        "fs": Server {
            enabled: true,
            tags: [],
            transport: Stdio {
                command: "mcp-server-filesystem",
                args: [],
                env: {},
            },
            tools: None,
        },
        "github": Server {
            enabled: true,
            tags: [
                "work",
                "vcs",
            ],
            transport: Stdio {
                command: "npx",
                args: [
                    "-y",
                    "@modelcontextprotocol/server-github",
                ],
                env: {
                    "GITHUB_TOKEN": "ghp_test",
                },
            },
            tools: None,
        },
        "linear": Server {
            enabled: false,
            tags: [],
            transport: Http {
                url: "https://mcp.linear.app/mcp",
                headers_command: [],
                headers: {
                    "Authorization": "Bearer test",
                },
                auth: None,
            },
            tools: None,
        },
    },
}
