---
source: crates/core/tests/sync.rs
expression: owned
---
[
    (
        "claude-desktop",
        [],
    ),
    (
        "claude-code",
        [],
    ),
    (
        "cursor",
        [],
    ),
    (
        "vscode",
        [],
    ),
    (
        "gemini",
        [],
    ),
    (
        "codex",
        [],
    ),
    (
        "opencode",
        [],
    ),
    (
        "windsurf",
        [],
    ),
    (
        "zed",
        [],
    ),
    (
        "cline",
        [
            "disabled",
            "autoApprove",
        ],
    ),
    (
        "cline-cli",
        [
            "disabled",
            "autoApprove",
        ],
    ),
    (
        "amp",
        [
            "disabled",
        ],
    ),
    (
        "zoo",
        [
            "disabled",
            "autoApprove",
            "alwaysAllow",
            "disabledTools",
        ],
    ),
]
